msgtext\readme.html
msgtext\COPYING.txt
msgtext\MsgText.vcproj
msgtext\MsgText.cpp
msgtext\Storage\Storage.h
msgtext\Storage\Storage.cpp
msgtext\Storage\Stream.h
msgtext\Storage\Stream.cpp
msgtext\Msg\Attachment.h
msgtext\Msg\Attachment.cpp
msgtext\Msg\Msg.h
msgtext\Msg\Msg.cpp
msgtext\Msg\Property.h
msgtext\Msg\Property.cpp
msgtext\Msg\PropStorage.h
msgtext\Msg\PropStorage.cpp
msgtext\Msg\Recipient.h
msgtext\Msg\Recipient.cpp
msgtext\Rtf\CompressedStream.h
msgtext\Rtf\CompressedStream.cpp
msgtext\Rtf\Crc.h
msgtext\Rtf\Crc.cpp
msgtext\Rtf\Dictionary.h
msgtext\Rtf\Dictionary.cpp
msgtext\Rtf\HtmlWriter.h
msgtext\Rtf\HtmlWriter.cpp
msgtext\Utils\CmdLine.h
msgtext\Utils\CmdLine.cpp
msgtext\Utils\FileTime.h
msgtext\Utils\FileTime.cpp
msgtext\Utils\Fs.h
msgtext\Utils\Fs.cpp
msgtext\Utils\Heap.h
msgtext\Utils\Heap.cpp
msgtext\bin\MsgText.exe
msgtext\bin\mt.js
msgtext\documentation\MsgText.odt
msgtext\documentation\MS-OXMSG.pdf
msgtext\documentation\MS-OXPROPS.pdf
msgtext\documentation\MS-OXRTFCP.pdf
msgtext\documentation\MS-OXRTFEX.pdf
msgtext\documentation\Word2007RTFSpec9.pdf
msgtext\documentation\DFVIEW.exe
msgtext\Transfer\mtbin.cmd
msgtext\Transfer\mtbin.lst
msgtext\Transfer\mtdev.cmd
msgtext\Transfer\mtdev.lst
